[    0.000000] Initializing cgroup subsys cpuset
[    0.000000] Initializing cgroup subsys cpu
[    0.000000] Initializing cgroup subsys cpuacct
[    0.000000] Linux version 4.4.0-210-generic (buildd@lgw01-amd64-009) (gcc version 5.4.0 20160609 (Ubuntu 5.4.0-6ubuntu1~16.04.12) ) #242-Ubuntu SMP Fri Apr 16 09:57:56 UTC 2021 (Ubuntu 4.4.0-210.242-generic 4.4.262)
[    0.000000] Command line: BOOT_IMAGE=/boot/vmlinuz-4.4.0-210-generic root=LABEL=cloudimg-rootfs ro console=tty1 console=ttyS0
[    0.000000] KERNEL supported cpus:
[    0.000000]   Intel GenuineIntel
[    0.000000]   AMD AuthenticAMD
[    0.000000]   Centaur CentaurHauls
[    0.000000] [Firmware Bug]: TSC doesn't count with P0 frequency!
[    0.000000] x86/fpu: Legacy x87 FPU detected.
[    0.000000] e820: BIOS-provided physical RAM map:
[    0.000000] BIOS-e820: [mem 0x0000000000000000-0x000000000009fbff] usable
[    0.000000] BIOS-e820: [mem 0x000000000009fc00-0x000000000009ffff] reserved
[    0.000000] BIOS-e820: [mem 0x00000000000f0000-0x00000000000fffff] reserved
[    0.000000] BIOS-e820: [mem 0x0000000000100000-0x000000003ffeffff] usable
[    0.000000] BIOS-e820: [mem 0x000000003fff0000-0x000000003fffffff] ACPI data
[    0.000000] BIOS-e820: [mem 0x00000000fec00000-0x00000000fec00fff] reserved
[    0.000000] BIOS-e820: [mem 0x00000000fee00000-0x00000000fee00fff] reserved
[    0.000000] BIOS-e820: [mem 0x00000000fffc0000-0x00000000ffffffff] reserved
[    0.000000] NX (Execute Disable) protection: active
[    0.000000] SMBIOS 2.5 present.
[    0.000000] Hypervisor detected: KVM
[    0.000000] Kernel/User page tables isolation: disabled
[    0.000000] e820: last_pfn = 0x3fff0 max_arch_pfn = 0x400000000
[    0.000000] MTRR: Disabled
[    0.000000] x86/PAT: MTRRs disabled, skipping PAT initialization too.
[    0.000000] CPU MTRRs all blank - virtualized system.
[    0.000000] x86/PAT: Configuration [0-7]: WB  WT  UC- UC  WB  WT  UC- UC  
[    0.000000] found SMP MP-table at [mem 0x0009fff0-0x0009ffff] mapped at [ffff88000009fff0]
[    0.000000] Scanning 1 areas for low memory corruption
[    0.000000] RAMDISK: [mem 0x362dc000-0x37165fff]
[    0.000000] ACPI: Early table checksum verification disabled
[    0.000000] ACPI: RSDP 0x00000000000E0000 000024 (v02 VBOX  )
[    0.000000] ACPI: XSDT 0x000000003FFF0030 00003C (v01 VBOX   VBOXXSDT 00000001 ASL  00000061)
[    0.000000] ACPI: FACP 0x000000003FFF00F0 0000F4 (v04 VBOX   VBOXFACP 00000001 ASL  00000061)
[    0.000000] ACPI: DSDT 0x000000003FFF0610 002353 (v02 VBOX   VBOXBIOS 00000002 INTL 20100528)
[    0.000000] ACPI: FACS 0x000000003FFF0200 000040
[    0.000000] ACPI: FACS 0x000000003FFF0200 000040
[    0.000000] ACPI: APIC 0x000000003FFF0240 00005C (v02 VBOX   VBOXAPIC 00000001 ASL  00000061)
[    0.000000] ACPI: SSDT 0x000000003FFF02A0 00036C (v01 VBOX   VBOXCPUT 00000002 INTL 20100528)
[    0.000000] No NUMA configuration found
[    0.000000] Faking a node at [mem 0x0000000000000000-0x000000003ffeffff]
[    0.000000] NODE_DATA(0) allocated [mem 0x3ffeb000-0x3ffeffff]
[    0.000000] kvm-clock: Using msrs 4b564d01 and 4b564d00
[    0.000000] kvm-clock: cpu 0, msr 0:3ffe3001, primary cpu clock
[    0.000000] kvm-clock: using sched offset of 4172212522 cycles
[    0.000000] clocksource: kvm-clock: mask: 0xffffffffffffffff max_cycles: 0x1cd42e4dffb, max_idle_ns: 881590591483 ns
[    0.000000] Zone ranges:
[    0.000000]   DMA      [mem 0x0000000000001000-0x0000000000ffffff]
[    0.000000]   DMA32    [mem 0x0000000001000000-0x000000003ffeffff]
[    0.000000]   Normal   empty
[    0.000000]   Device   empty
[    0.000000] Movable zone start for each node
[    0.000000] Early memory node ranges
[    0.000000]   node   0: [mem 0x0000000000001000-0x000000000009efff]
[    0.000000]   node   0: [mem 0x0000000000100000-0x000000003ffeffff]
[    0.000000] Initmem setup node 0 [mem 0x0000000000001000-0x000000003ffeffff]
[    0.000000] ACPI: PM-Timer IO Port: 0x4008
[    0.000000] IOAPIC[0]: apic_id 2, version 32, address 0xfec00000, GSI 0-23
[    0.000000] ACPI: INT_SRC_OVR (bus 0 bus_irq 0 global_irq 2 dfl dfl)
[    0.000000] ACPI: INT_SRC_OVR (bus 0 bus_irq 9 global_irq 9 low level)
[    0.000000] Using ACPI (MADT) for SMP configuration information
[    0.000000] smpboot: Allowing 2 CPUs, 0 hotplug CPUs
[    0.000000] PM: Registered nosave memory: [mem 0x00000000-0x00000fff]
[    0.000000] PM: Registered nosave memory: [mem 0x0009f000-0x0009ffff]
[    0.000000] PM: Registered nosave memory: [mem 0x000a0000-0x000effff]
[    0.000000] PM: Registered nosave memory: [mem 0x000f0000-0x000fffff]
[    0.000000] e820: [mem 0x40000000-0xfebfffff] available for PCI devices
[    0.000000] Booting paravirtualized kernel on KVM
[    0.000000] clocksource: refined-jiffies: mask: 0xffffffff max_cycles: 0xffffffff, max_idle_ns: 7645519600211568 ns
[    0.000000] setup_percpu: NR_CPUS:512 nr_cpumask_bits:512 nr_cpu_ids:2 nr_node_ids:1
[    0.000000] PERCPU: Embedded 33 pages/cpu @ffff88003fc00000 s95192 r8192 d31784 u1048576
[    0.000000] Built 1 zonelists in Node order, mobility grouping on.  Total pages: 257912
[    0.000000] Policy zone: DMA32
[    0.000000] Kernel command line: BOOT_IMAGE=/boot/vmlinuz-4.4.0-210-generic root=LABEL=cloudimg-rootfs ro console=tty1 console=ttyS0
[    0.000000] PID hash table entries: 4096 (order: 3, 32768 bytes)
[    0.000000] Memory: 997792K/1048120K available (8644K kernel code, 1332K rwdata, 4044K rodata, 1492K init, 1164K bss, 50328K reserved, 0K cma-reserved)
[    0.000000] SLUB: HWalign=64, Order=0-3, MinObjects=0, CPUs=2, Nodes=1
[    0.000000] Hierarchical RCU implementation.
[    0.000000] 	Build-time adjustment of leaf fanout to 64.
[    0.000000] 	RCU restricting CPUs from NR_CPUS=512 to nr_cpu_ids=2.
[    0.000000] RCU: Adjusting geometry for rcu_fanout_leaf=64, nr_cpu_ids=2
[    0.000000] NR_IRQS:33024 nr_irqs:440 16
[    0.000000] Console: colour VGA+ 80x25
[    0.000000] console [tty1] enabled
[    0.000000] console [ttyS0] enabled
[    0.000000] tsc: Detected 2295.614 MHz processor
[    0.850942] Calibrating delay loop (skipped) preset value.. 4591.22 BogoMIPS (lpj=9182456)
[    0.869614] pid_max: default: 32768 minimum: 301
[    0.875823] ACPI: Core revision 20150930
[    0.887597] ACPI: 2 ACPI AML tables successfully acquired and loaded
[    0.906987] Security Framework initialized
[    0.914031] Yama: becoming mindful.
[    0.924660] AppArmor: AppArmor initialized
[    0.932260] Dentry cache hash table entries: 131072 (order: 8, 1048576 bytes)
[    0.952814] Inode-cache hash table entries: 65536 (order: 7, 524288 bytes)
[    0.971877] Mount-cache hash table entries: 2048 (order: 2, 16384 bytes)
[    0.980570] Mountpoint-cache hash table entries: 2048 (order: 2, 16384 bytes)
[    0.994411] Initializing cgroup subsys io
[    1.002864] Initializing cgroup subsys memory
[    1.011346] Initializing cgroup subsys devices
[    1.019878] Initializing cgroup subsys freezer
[    1.031453] Initializing cgroup subsys net_cls
[    1.039323] Initializing cgroup subsys perf_event
[    1.048167] Initializing cgroup subsys net_prio
[    1.061782] Initializing cgroup subsys hugetlb
[    1.073010] Initializing cgroup subsys pids
[    1.095620] mce: CPU supports 0 MCE banks
[    1.103916] Last level iTLB entries: 4KB 1024, 2MB 1024, 4MB 512
[    1.112716] Last level dTLB entries: 4KB 1536, 2MB 1536, 4MB 768, 1GB 0
[    1.126222] Spectre V1 : Mitigation: usercopy/swapgs barriers and __user pointer sanitization
[    1.141756] Spectre V2 : Spectre mitigation: LFENCE not serializing, switching to generic retpoline
[    1.159576] Spectre V2 : Mitigation: Full generic retpoline
[    1.166658] Spectre V2 : Spectre v2 / SpectreRSB mitigation: Filling RSB on context switch
[    1.238740] Freeing SMP alternatives memory: 36K
[    1.365035] ftrace: allocating 32380 entries in 127 pages
[    2.238105] smpboot: APIC(0) Converting physical 0 to logical package 0
[    2.250498] smpboot: Max logical packages: 1
[    2.279493] ..TIMER: vector=0x30 apic1=0 pin1=2 apic2=-1 pin2=-1
[    2.399574] smpboot: CPU0: AMD Ryzen 7 3700U with Radeon Vega Mobile Gfx (family: 0x17, model: 0x18, stepping: 0x1)
[    2.419738] Performance Events: Broken PMU hardware detected, using software events only.
[    2.433954] Failed to access perfctr msr (MSR c0010007 is 0)
[    2.582623] KVM setup paravirtual spinlock
[    2.591595] x86: Booting SMP configuration:
[    2.596776] .... node  #0, CPUs:      #1
[    2.603789] kvm-clock: cpu 1, msr 0:3ffe3041, secondary cpu clock
[    2.623425] mce: CPU supports 0 MCE banks
[    2.628384] TSC synchronization [CPU#0 -> CPU#1]:
[    2.637548] Measured 115305 cycles TSC warp between CPUs, turning off TSC clock.
[    2.648555] tsc: Marking TSC unstable due to check_tsc_sync_source failed
[    0.717361] x86: Booted up 1 node, 2 CPUs
[    0.720009] smpboot: Total of 2 processors activated (9182.45 BogoMIPS)
[    0.736297] devtmpfs: initialized
[    0.745829] evm: security.selinux
[    0.748009] evm: security.SMACK64
[    0.752009] evm: security.SMACK64EXEC
[    0.756010] evm: security.SMACK64TRANSMUTE
[    0.760008] evm: security.SMACK64MMAP
[    0.764007] evm: security.ima
[    0.768008] evm: security.capability
[    0.776811] clocksource: jiffies: mask: 0xffffffff max_cycles: 0xffffffff, max_idle_ns: 7645041785100000 ns
[    0.780074] futex hash table entries: 512 (order: 3, 32768 bytes)
[    0.788226] pinctrl core: initialized pinctrl subsystem
[    0.792646] RTC time: 13:39:36, date: 03/06/23
[    0.798562] NET: Registered protocol family 16
[    0.812018] cpuidle: using governor ladder
[    0.828018] cpuidle: using governor menu
[    0.832251] PCCT header not found.
[    0.842597] ACPI: bus type PCI registered
[    0.844005] acpiphp: ACPI Hot Plug PCI Controller Driver version: 0.5
[    0.852239] PCI: Using configuration type 1 for base access
[    0.856004] PCI: Using configuration type 1 for extended access
[    0.884806] ACPI: Added _OSI(Module Device)
[    0.888006] ACPI: Added _OSI(Processor Device)
[    0.892007] ACPI: Added _OSI(3.0 _SCP Extensions)
[    0.896004] ACPI: Added _OSI(Processor Aggregator Device)
[    0.901414] ACPI: Executed 1 blocks of module-level executable AML code
[    0.916076] ACPI: Interpreter enabled
[    0.920022] ACPI: (supports S0 S5)
[    0.924006] ACPI: Using IOAPIC for interrupt routing
[    0.928460] PCI: Using host bridge windows from ACPI; if necessary, use "pci=nocrs" and report a bug
[    0.947490] ACPI: PCI Root Bridge [PCI0] (domain 0000 [bus 00-ff])
[    0.948013] acpi PNP0A03:00: _OSC: OS supports [ExtendedConfig ASPM ClockPM Segments MSI]
[    0.953767] acpi PNP0A03:00: _OSC: platform does not support [PCIeCapability]
[    0.956823] acpi PNP0A03:00: _OSC: not requesting control; platform does not support [PCIeCapability]
[    0.960011] acpi PNP0A03:00: _OSC: OS requested [PCIeHotplug PME AER PCIeCapability]
[    0.964009] acpi PNP0A03:00: _OSC: platform willing to grant [PCIeHotplug PME AER]
[    0.968009] acpi PNP0A03:00: _OSC failed (AE_SUPPORT); disabling ASPM
[    0.976672] PCI host bridge to bus 0000:00
[    0.980011] pci_bus 0000:00: root bus resource [io  0x0000-0x0cf7 window]
[    0.984009] pci_bus 0000:00: root bus resource [io  0x0d00-0xffff window]
[    0.988011] pci_bus 0000:00: root bus resource [mem 0x000a0000-0x000bffff window]
[    0.992012] pci_bus 0000:00: root bus resource [mem 0x40000000-0xfdffffff window]
[    0.996009] pci_bus 0000:00: root bus resource [bus 00-ff]
[    1.013198] pci 0000:00:01.1: legacy IDE quirk: reg 0x10: [io  0x01f0-0x01f7]
[    1.016008] pci 0000:00:01.1: legacy IDE quirk: reg 0x14: [io  0x03f6]
[    1.020006] pci 0000:00:01.1: legacy IDE quirk: reg 0x18: [io  0x0170-0x0177]
[    1.024009] pci 0000:00:01.1: legacy IDE quirk: reg 0x1c: [io  0x0376]
[    1.057052] pci 0000:00:07.0: quirk: [io  0x4000-0x403f] claimed by PIIX4 ACPI
[    1.060061] pci 0000:00:07.0: quirk: [io  0x4100-0x410f] claimed by PIIX4 SMB
[    1.080467] ACPI: PCI Interrupt Link [LNKA] (IRQs 5 9 10 *11)
[    1.090041] ACPI: PCI Interrupt Link [LNKB] (IRQs 5 9 *10 11)
[    1.098419] ACPI: PCI Interrupt Link [LNKC] (IRQs 5 *9 10 11)
[    1.109474] ACPI: PCI Interrupt Link [LNKD] (IRQs 5 9 10 *11)
[    1.116481] ACPI: Enabled 2 GPEs in block 00 to 07
[    1.124071] vgaarb: setting as boot device: PCI:0000:00:02.0
[    1.128000] vgaarb: device added: PCI:0000:00:02.0,decodes=io+mem,owns=io+mem,locks=none
[    1.128011] vgaarb: loaded
[    1.132009] vgaarb: bridge control possible 0000:00:02.0
[    1.140093] SCSI subsystem initialized
[    1.148392] ACPI: bus type USB registered
[    1.152089] usbcore: registered new interface driver usbfs
[    1.156113] usbcore: registered new interface driver hub
[    1.160025] usbcore: registered new device driver usb
[    1.164461] PCI: Using ACPI for IRQ routing
[    1.172889] NetLabel: Initializing
[    1.176004] NetLabel:  domain hash size = 128
[    1.180003] NetLabel:  protocols = UNLABELED CIPSOv4
[    1.184129] NetLabel:  unlabeled traffic allowed by default
[    1.188230] amd_nb: Cannot enumerate AMD northbridges
[    1.192619] clocksource: Switched to clocksource kvm-clock
[    1.227990] AppArmor: AppArmor Filesystem Enabled
[    1.227990] pnp: PnP ACPI init
[    1.227990] pnp: PnP ACPI: found 3 devices
[    1.338162] clocksource: acpi_pm: mask: 0xffffff max_cycles: 0xffffff, max_idle_ns: 2085701024 ns
[    1.350578] NET: Registered protocol family 2
[    1.360525] TCP established hash table entries: 8192 (order: 4, 65536 bytes)
[    1.373765] TCP bind hash table entries: 8192 (order: 5, 131072 bytes)
[    1.386221] TCP: Hash tables configured (established 8192 bind 8192)
[    1.398608] UDP hash table entries: 512 (order: 2, 16384 bytes)
[    1.411300] UDP-Lite hash table entries: 512 (order: 2, 16384 bytes)
[    1.424335] NET: Registered protocol family 1
[    1.430587] pci 0000:00:00.0: Limiting direct PCI/PCI transfers
[    1.438494] pci 0000:00:01.0: Activating ISA DMA hang workarounds
[    1.451298] Unpacking initramfs...
[    1.632255] Freeing initrd memory: 14888K
[    1.985986] clocksource: tsc: mask: 0xffffffffffffffff max_cycles: 0x2117060e56e, max_idle_ns: 440795272947 ns
[    2.013445] platform rtc_cmos: registered platform RTC device (no PNP device found)
[    2.036697] Scanning for low memory corruption every 60 seconds
[    2.048599] audit: initializing netlink subsys (disabled)
[    2.060047] audit: type=2000 audit(1678109982.014:1): initialized
[    2.069565] Initialise system trusted keyring
[    2.080823] HugeTLB registered 2 MB page size, pre-allocated 0 pages
[    2.096481] zbud: loaded
[    2.103262] VFS: Disk quotas dquot_6.6.0
[    2.110115] VFS: Dquot-cache hash table entries: 512 (order 0, 4096 bytes)
[    2.122557] squashfs: version 4.0 (2009/01/31) Phillip Lougher
[    2.133028] fuse init (API version 7.23)
[    2.139964] Key type big_key registered
[    2.146144] Allocating IMA MOK and blacklist keyrings.
[    2.180667] Key type asymmetric registered
[    2.187068] Asymmetric key parser 'x509' registered
[    2.195539] Block layer SCSI generic (bsg) driver version 0.4 loaded (major 249)
[    2.206708] io scheduler noop registered
[    2.211921] io scheduler deadline registered (default)
[    2.218617] io scheduler cfq registered
[    2.223781] pci_hotplug: PCI Hot Plug PCI Core version: 0.5
[    2.235346] pciehp: PCI Express Hot Plug Controller Driver version: 0.4
[    2.245224] ACPI: AC Adapter [AC] (on-line)
[    2.251674] input: Power Button as /devices/LNXSYSTM:00/LNXPWRBN:00/input/input0
[    2.261584] ACPI: Power Button [PWRF]
[    2.268633] input: Sleep Button as /devices/LNXSYSTM:00/LNXSLPBN:00/input/input1
[    2.278995] ACPI: Sleep Button [SLPF]
[    2.285568] GHES: HEST is not enabled!
[    2.288548] ACPI: Battery Slot [BAT0] (battery present)
[    2.298345] Serial: 8250/16550 driver, 32 ports, IRQ sharing enabled
[    2.334739] 00:02: ttyS0 at I/O 0x3f8 (irq = 4, base_baud = 115200) is a 16550A
[    2.380068] Linux agpgart interface v0.103
[    2.413551] loop: module loaded
[    2.422752] scsi host0: ata_piix
[    2.432038] scsi host1: ata_piix
[    2.439328] ata1: PATA max UDMA/33 cmd 0x1f0 ctl 0x3f6 bmdma 0xd000 irq 14
[    2.447958] ata2: PATA max UDMA/33 cmd 0x170 ctl 0x376 bmdma 0xd008 irq 15
[    2.457487] libphy: Fixed MDIO Bus: probed
[    2.465499] tun: Universal TUN/TAP device driver, 1.6
[    2.472101] tun: (C) 1999-2004 Max Krasnyansky <maxk@qualcomm.com>
[    2.481102] PPP generic driver version 2.4.2
[    2.487901] ehci_hcd: USB 2.0 'Enhanced' Host Controller (EHCI) Driver
[    2.500187] ehci-pci: EHCI PCI platform driver
[    2.506278] ehci-platform: EHCI generic platform driver
[    2.513543] ohci_hcd: USB 1.1 'Open' Host Controller (OHCI) Driver
[    2.521971] ohci-pci: OHCI PCI platform driver
[    2.527772] ohci-platform: OHCI generic platform driver
[    2.537170] uhci_hcd: USB Universal Host Controller Interface driver
[    2.547281] i8042: PNP: PS/2 Controller [PNP0303:PS2K,PNP0f03:PS2M] at 0x60,0x64 irq 1,12
[    2.568007] serio: i8042 KBD port at 0x60,0x64 irq 1
[    2.577204] serio: i8042 AUX port at 0x60,0x64 irq 12
[    2.585257] mousedev: PS/2 mouse device common for all mice
[    2.601855] rtc_cmos rtc_cmos: rtc core: registered rtc_cmos as rtc0
[    2.613436] rtc_cmos rtc_cmos: alarms up to one day, 114 bytes nvram
[    2.623477] i2c /dev entries driver
[    2.631032] device-mapper: uevent: version 1.0.3
[    2.644390] device-mapper: ioctl: 4.34.0-ioctl (2015-10-28) initialised: dm-devel@redhat.com
[    2.657397] ledtrig-cpu: registered to indicate activity on CPUs
[    2.703095] input: AT Translated Set 2 keyboard as /devices/platform/i8042/serio0/input/input2
[    2.720628] NET: Registered protocol family 10
[    2.731251] NET: Registered protocol family 17
[    2.739400] Key type dns_resolver registered
[    2.750913] registered taskstats version 1
[    2.758280] Loading compiled-in X.509 certificates
[    2.766817] Loaded X.509 cert 'Build time autogenerated kernel key: cf00e047681d67edb2720680708b7d9498083038'
[    2.780685] zswap: loaded using pool lzo/zbud
[    2.799130] Key type trusted registered
[    2.816530] Key type encrypted registered
[    2.826138] AppArmor: AppArmor sha1 policy hashing enabled
[    2.835893] ima: No TPM chip found, activating TPM-bypass!
[    2.846901] ima: Allocated hash algorithm: sha1
[    2.854214] evm: HMAC attrs: 0x1
[    2.860513]   Magic number: 15:940:684
[    2.866613] mem full: hash matches
[    2.876982] rtc_cmos rtc_cmos: setting system clock to 2023-03-06 13:39:39 UTC (1678109979)
[    2.891349] BIOS EDD facility v0.16 2004-Jun-25, 0 devices found
[    2.898718] EDD information not available.
[    2.907081] Freeing unused kernel memory: 1492K
[    2.920953] Write protecting the kernel read-only data: 14336k
[    2.933567] Freeing unused kernel memory: 1584K
[    2.943092] Freeing unused kernel memory: 52K
Loading, please wait...
starting version 229
[    2.992751] random: systemd-udevd: uninitialized urandom read (16 bytes read, 9 bits of entropy available)
[    2.993344] random: udevadm: uninitialized urandom read (16 bytes read, 9 bits of entropy available)
[    2.993394] random: udevadm: uninitialized urandom read (16 bytes read, 9 bits of entropy available)
[    3.009264] random: udevadm: uninitialized urandom read (16 bytes read, 9 bits of entropy available)
[    3.009345] random: udevadm: uninitialized urandom read (16 bytes read, 9 bits of entropy available)
[    3.009645] random: udevadm: uninitialized urandom read (16 bytes read, 9 bits of entropy available)
[    3.009742] random: udevadm: uninitialized urandom read (16 bytes read, 9 bits of entropy available)
[    3.009910] random: udevadm: uninitialized urandom read (16 bytes read, 9 bits of entropy available)
[    3.009983] random: udevadm: uninitialized urandom read (16 bytes read, 9 bits of entropy available)
[    3.010123] random: udevadm: uninitialized urandom read (16 bytes read, 9 bits of entropy available)
[    3.231495] Fusion MPT base driver 3.04.20
[    3.241587] Copyright (c) 1999-2008 LSI Corporation
[    3.257337] e1000: Intel(R) PRO/1000 Network Driver - version 7.3.21-k8-NAPI
[    3.268697] e1000: Copyright (c) 1999-2006 Intel Corporation.
[    3.351982] SSE version of gcm_enc/dec engaged.
[    3.375029] Fusion MPT SPI Host driver 3.04.20
[    3.667318] input: ImExPS/2 Generic Explorer Mouse as /devices/platform/i8042/serio1/input/input4
[    4.469769] e1000 0000:00:03.0 eth0: (PCI:33MHz:32-bit) 02:be:82:6b:cc:1d
[    4.478734] e1000 0000:00:03.0 eth0: Intel(R) PRO/1000 Network Connection
[    4.494677] mptbase: ioc0: Initiating bringup
[    4.496263] e1000 0000:00:03.0 enp0s3: renamed from eth0
[    4.587764] ioc0: LSI53C1030 A0: Capabilities={Initiator}
[    4.780892] scsi host2: ioc0: LSI53C1030 A0, FwRev=00000000h, Ports=1, MaxQ=256, IRQ=20
[    4.906522] scsi 2:0:0:0: Direct-Access     VBOX     HARDDISK         1.0  PQ: 0 ANSI: 5
[    4.924374] scsi target2:0:0: Beginning Domain Validation
[    4.948238] scsi target2:0:0: Domain Validation skipping write tests
[    4.958421] scsi target2:0:0: Ending Domain Validation
[    4.966064] scsi target2:0:0: asynchronous
[    4.977226] scsi 2:0:1:0: Direct-Access     VBOX     HARDDISK         1.0  PQ: 0 ANSI: 5
[    4.993013] scsi target2:0:1: Beginning Domain Validation
[    5.014823] scsi target2:0:1: Domain Validation skipping write tests
[    5.024010] scsi target2:0:1: Ending Domain Validation
[    5.031890] scsi target2:0:1: asynchronous
[    5.098107] sd 2:0:0:0: [sda] 83886080 512-byte logical blocks: (42.9 GB/40.0 GiB)
[    5.101103] sd 2:0:0:0: Attached scsi generic sg0 type 0
[    5.103146] sd 2:0:1:0: [sdb] 20480 512-byte logical blocks: (10.5 MB/10.0 MiB)
[    5.104874] sd 2:0:1:0: [sdb] Write Protect is off
[    5.105841] sd 2:0:1:0: [sdb] Incomplete mode parameter data
[    5.105842] sd 2:0:1:0: [sdb] Assuming drive cache: write through
[    5.110972] sd 2:0:1:0: Attached scsi generic sg1 type 0
[    5.121516] sd 2:0:1:0: [sdb] Attached SCSI disk
[    5.170718] sd 2:0:0:0: [sda] Write Protect is off
[    5.179189] sd 2:0:0:0: [sda] Incomplete mode parameter data
[    5.185982] sd 2:0:0:0: [sda] Assuming drive cache: write through
[    5.208989]  sda: sda1
[    5.220798] sd 2:0:0:0: [sda] Attached SCSI disk
Begin: Loading essential drivers ... [    7.196881] md: linear personality registered for level -1
[    7.214166] md: multipath personality registered for level -4
[    7.228115] md: raid0 personality registered for level 0
[    7.262810] md: raid1 personality registered for level 1
[    7.635573] raid6: sse2x1   gen() 37085 MB/s
[    9.634914] raid6: sse2x1   xor() 88902 MB/s
[   10.631364] raid6: sse2x2   gen() 206320 MB/s
[   12.635240] raid6: sse2x2   xor() 140312 MB/s
[   12.721009] raid6: sse2x4   gen() 16623 MB/s
[   13.640185] raid6: sse2x4   xor() 116677 MB/s
[   13.651385] raid6: using algorithm sse2x2 gen() 206320 MB/s
[   13.661985] raid6: .... xor() 140312 MB/s, rmw enabled
[   13.671531] raid6: using ssse3x2 recovery algorithm
[   13.686640] xor: measuring software checksum speed
[   13.732834]    prefetch64-sse: 11695.000 MB/sec
[   13.776964]    generic_sse: 10623.000 MB/sec
[   13.785324] xor: using function: prefetch64-sse (11695.000 MB/sec)
[   13.798006] async_tx: api initialized (async)
[   13.874127] md: raid6 personality registered for level 6
[   13.884895] md: raid5 personality registered for level 5
[   13.893443] md: raid4 personality registered for level 4
[   13.931540] md: raid10 personality registered for level 10
done.
Begin: Running /scripts/init-premount ... done.
Begin: Mounting root file system ... Begin: Running /scripts/local-top ... done.
Begin: Running /scripts/local-premount ... [   14.076977] Btrfs loaded
Scanning for Btrfs filesystems
done.
Warning: fsck not present, so skipping root file system
[   14.207082] EXT4-fs (sda1): mounted filesystem with ordered data mode. Opts: (null)
done.
Begin: Running /scripts/local-bottom ... done.
Begin: Running /scripts/init-bottom ... done.
[   14.553574] systemd[1]: systemd 229 running in system mode. (+PAM +AUDIT +SELINUX +IMA +APPARMOR +SMACK +SYSVINIT +UTMP +LIBCRYPTSETUP +GCRYPT +GNUTLS +ACL +XZ -LZ4 +SECCOMP +BLKID +ELFUTILS +KMOD -IDN)
[   14.576694] systemd[1]: Detected virtualization oracle.
[   14.584889] systemd[1]: Detected architecture x86-64.

Welcome to [1mUbuntu 16.04.7 LTS[0m!

[   14.613607] systemd[1]: Set hostname to <ubuntu>.
[   14.635192] systemd[1]: Initializing machine ID from random generator.
[   14.645411] systemd[1]: Installed transient /etc/machine-id file.
[   14.985250] systemd[1]: Started Forward Password Requests to Wall Directory Watch.
[[0;32m  OK  [0m] Started Forward Password Requests to Wall Directory Watch.
[   15.009189] systemd[1]: Listening on Journal Audit Socket.
[[0;32m  OK  [0m] Listening on Journal Audit Socket.
[   15.031405] systemd[1]: Listening on fsck to fsckd communication Socket.
[[0;32m  OK  [0m] Listening on fsck to fsckd communication Socket.
[   15.054106] systemd[1]: Created slice User and Session Slice.
[[0;32m  OK  [0m] Created slice User and Session Slice.
[   15.075877] systemd[1]: Listening on Syslog Socket.
[[0;32m  OK  [0m] Listening on Syslog Socket.
[   15.094650] random: nonblocking pool is initialized
[   15.103356] systemd[1]: Reached target Swap.
[[0;32m  OK  [0m] Reached target Swap.
[   15.120259] systemd[1]: Set up automount Arbitrary Executable File Formats File System Automount Point.
[[0;32m  OK  [0m] Set up automount Arbitrary Executab...ats File System Automount Point.
[   15.145189] systemd[1]: Listening on udev Kernel Socket.
[[0;32m  OK  [0m] Listening on udev Kernel Socket.
[   15.167777] systemd[1]: Listening on Journal Socket.
[[0;32m  OK  [0m] Listening on Journal Socket.
[   15.188283] systemd[1]: Listening on LVM2 metadata daemon socket.
[[0;32m  OK  [0m] Listening on LVM2 metadata daemon socket.
[   15.210700] systemd[1]: Created slice System Slice.
[[0;32m  OK  [0m] Created slice System Slice.
[   15.229956] systemd[1]: Reached target Slices.
[[0;32m  OK  [0m] Reached target Slices.
[   15.261990] systemd[1]: Starting File System Check on Root Device...
         Starting File System Check on Root Device...
[   15.290200] systemd[1]: Mounting Debug File System...
         Mounting Debug File System...
[   15.322517] systemd[1]: Starting Nameserver information manager...
         Starting Nameserver information manager...
[   15.348044] systemd[1]: Starting Uncomplicated firewall...
         Starting Uncomplicated firewall...
[   15.373112] systemd[1]: Starting Load Kernel Modules...
         Starting Load Kernel Modules...
[   15.400140] systemd[1]: Reached target User and Group Name Lookups.
[[0;32m  OK  [0m] Reached target User and Group Name Lookups.
[   15.427212] Loading iSCSI transport class v2.0-870.
[   15.440998] systemd[1]: Mounting Huge Pages File System...
         Mounting Huge Pages File System...[   15.468162] iscsi: registered transport (tcp)

[   15.479831] systemd[1]: Listening on Device-mapper event daemon FIFOs.
[[0;32m  OK  [0m] Listening on Device-mapper event daemon FIFOs.
[   15.525491] systemd[1]: Starting Monitoring of LVM2 mirrors, snapshots etc. using dmeventd or progress polling...
         Starting Monitoring of LVM2 mirrors... dmeventd or progress polling...
[   15.559466] systemd[1]: Mounting POSIX Message Queue File System...
         Mounting POSIX Message Queue File System...
[   15.601915] systemd[1]: Listening on Journal Socket (/dev/log).
[[0;32m  OK  [0m] Listening on Journal Socket (/dev/log).
[   15.657644] systemd[1]: Starting Journal Service...
         Starting Journal Service...
[   15.677458] systemd[1]: Listening on LVM2 poll daemon socket.
[[0;32m  OK  [0m] Listening on LVM2 poll daemon socket.
[   15.695715] systemd[1]: Listening on udev Control Socket.
[[0;32m  OK  [0m] Listening on udev Control Socket.
[   15.713843] iscsi: registered transport (iser)
[   15.725277] systemd[1]: Created slice system-serial\x2dgetty.slice.
[[0;32m  OK  [0m] Created slice system-serial\x2dgetty.slice.
[   15.750201] systemd[1]: Reached target Encrypted Volumes.
[[0;32m  OK  [0m] Reached target Encrypted Volumes.
[   15.784966] systemd[1]: Starting Create list of required static device nodes for the current kernel...
         Starting Create list of required st... nodes for the current kernel...
[   15.809944] systemd[1]: Starting Set console keymap...
         Starting Set console keymap...
[   15.828506] systemd[1]: Started Trigger resolvconf update for networkd DNS.
[[0;32m  OK  [0m] Started Trigger resolvconf update for networkd DNS.
[   15.845580] systemd[1]: Reached target System Time Synchronized.
[[0;32m  OK  [0m] Reached target System Time Synchronized.
[   15.862752] systemd[1]: Listening on /dev/initctl Compatibility Named Pipe.
[[0;32m  OK  [0m] Listening on /dev/initctl Compatibility Named Pipe.
[   15.906337] systemd[1]: Mounted Huge Pages File System.
[[0;32m  OK  [0m] Mounted Huge Pages File System.
[   15.921317] systemd[1]: Mounted POSIX Message Queue File System.
[[0;32m  OK  [0m] Mounted POSIX Message Queue File System.
[   15.935920] systemd[1]: Mounted Debug File System.
[[0;32m  OK  [0m] Mounted Debug File System.
[   15.954857] systemd[1]: Started Journal Service.
[[0;32m  OK  [0m] Started Journal Service.
[[0;32m  OK  [0m] Started File System Check on Root Device.
[[0;32m  OK  [0m] Started Uncomplicated firewall.
[[0;32m  OK  [0m] Started Load Kernel Modules.
[[0;32m  OK  [0m] Started Create list of required sta...ce nodes for the current kernel.
[[0;32m  OK  [0m] Started Set console keymap.
[[0;32m  OK  [0m] Started Nameserver information manager.
[[0;32m  OK  [0m] Started LVM2 metadata daemon.
[[0;32m  OK  [0m] Started File System Check Daemon to report status.
         Starting Create Static Device Nodes in /dev...
         Starting Apply Kernel Variables...
         Mounting FUSE Control File System...
         Starting Remount Root and Kernel File Systems...
[[0;32m  OK  [0m] Mounted FUSE Control File System.
[   16.153342] EXT4-fs (sda1): re-mounted. Opts: (null)
[[0;32m  OK  [0m] Started Remount Root and Kernel File Systems.
         Starting Load/Save Random Seed...
         Starting Flush Journal to Persistent Storage...
         Starting udev Coldplug all Devices...
[[0;32m  OK  [0m] Started Apply Kernel Variables.
[[0;32m  OK  [0m] Started Load/Save Random Seed.
[[0;32m  OK  [0m] Started Create Static Device Nodes in /dev.
         Starting udev Kernel Device Manager...
[[0;32m  OK  [0m] Started Flush Journal to Persistent Storage.
[[0;32m  OK  [0m] Started udev Coldplug all Devices.
[[0;32m  OK  [0m] Started udev Kernel Device Manager.
[[0;32m  OK  [0m] Started Dispatch Password Requests to Console Directory Watch.
[[0;32m  OK  [0m] Started Monitoring of LVM2 mirrors,...ng dmeventd or progress polling.
[[0;32m  OK  [0m] Reached target Local File Systems (Pre).
[[0;32m  OK  [0m] Reached target Local File Systems.
         Starting Create Volatile Files and Directories...
         Starting Set console font and keymap...
         Starting Commit a transient machine-id on disk...
         Starting LSB: AppArmor initialization...
         Starting Tell Plymouth To Write Out Runtime Data...
         Starting Initial cloud-init job (pre-networking)...
[[0;32m  OK  [0m] Started Create Volatile Files and Directories.
[[0;32m  OK  [0m] Started Commit a transient machine-id on disk.
[[0;32m  OK  [0m] Started Tell Plymouth To Write Out Runtime Data.
[[0;32m  OK  [0m] Found device /dev/ttyS0.
[[0;32m  OK  [0m] Listening on Load/Save RF Kill Switch Status /dev/rfkill Watch.
         Starting Update UTMP about System Boot/Shutdown...
[[0;32m  OK  [0m] Started Update UTMP about System Boot/Shutdown.
[   20.367976] cloud-init[542]: Cloud-init v. 21.1-19-gbad84ad4-0ubuntu1~16.04.2 running 'init-local' at Mon, 06 Mar 2023 13:39:55 +0000. Up 19.13 seconds.
[[0;32m  OK  [0m] Started Initial cloud-init job (pre-networking).
[[0;32m  OK  [0m] Reached target Network (Pre).
[[0;32m  OK  [0m] Started Set console font and keymap.
[[0;32m  OK  [0m] Created slice system-getty.slice.
[[0;32m  OK  [0m] Started LSB: AppArmor initialization.
         Starting Raise network interfaces...
         Starting Load AppArmor profiles managed internally by snapd...
[[0;32m  OK  [0m] Started Load AppArmor profiles managed internally by snapd.
[[0;32m  OK  [0m] Started Raise network interfaces.
         Starting Initial cloud-init job (metadata service crawler)...
[[0;32m  OK  [0m] Reached target Network.
[   23.934338] cloud-init[965]: Cloud-init v. 21.1-19-gbad84ad4-0ubuntu1~16.04.2 running 'init' at Mon, 06 Mar 2023 13:39:59 +0000. Up 22.87 seconds.
[   23.952339] cloud-init[965]: ci-info: ++++++++++++++++++++++++++++++++++++++Net device info++++++++++++++++++++++++++++++++++++++
[   23.968884] cloud-init[965]: ci-info: +--------+------+----------------------------+---------------+--------+-------------------+
[   23.998646] cloud-init[965]: ci-info: | Device |  Up  |          Address           |      Mask     | Scope  |     Hw-Address    |
[   24.015852] cloud-init[965]: ci-info: +--------+------+----------------------------+---------------+--------+-------------------+
[[0;32m  OK  [0m] Started Initial cloud-init job (metadata service crawler).
[[0;32m  OK  [0m] Reached target Network is Online.
[   24.040108] cloud-init[965]: ci-info: | enp0s3 | True |         10.0.2.15          | 255.255.255.0 | global | 02:be:82:6b:cc:1d |
[   24.065653] cloud-init[965]: ci-info: | enp0s3 | True | fe80::be:82ff:fe6b:cc1d/64 |       .       |  link  | 02:be:82:6b:cc:1d |
         Starting iSCSI initiator daemon (iscsid)...
[[0;32m  OK  [0m] Reached target System Initialization.
[   24.086571] cloud-init[965]: ci-info: |   lo   | True |         127.0.0.1          |   255.0.0.0   |  host  |         .         |
[   24.129987] [[0;32m  OK  [0m] Started ACPI Events Check.
[[0;32m  OK  [0m] Reached target Paths.
[[0;32m  OK  [0m] Started Daily Cleanup of Temporary Directories.
cloud-init         Starting LXD - unix socket.
[[0;32m  OK  [0m] Listening on UUID daemon activation socket.
[[0;32m  OK  [0m] Started Ubuntu Advantage update messaging.
[[0;32m  OK  [0m] Started Message of the Day.
[[0;32m  OK  [0m] Started Daily apt download activities.
         Starting Socket activation for snappy daemon.
[[0;32m  OK  [0m] Started Daily apt upgrade and clean activities.
[[0;32m  OK  [0m] Reached target Timers.
[[0;32m  OK  [0m] Listening on D-Bus System Message Bus Socket.
[[0;32m  OK  [0m] Listening on ACPID Listen Socket.
[[0;32m  OK  [0m] Reached target Cloud-config availability.
[[0;32m  OK  [0m] Listening on Socket activation for snappy daemon.
[965]: ci-info: |   lo   | True |          ::1/128           |       .       |  host  |         .         |
[   24.192725] cloud-init[965]: ci-info: +--------+------+----------------------------+---------------+--------+-------------------+
[   24.202468] cloud-init[965]: ci-info: +++++++++++++++++++++++++++Route IPv4 info++++++++++++++++++++++++++++
[   24.204971] cloud-init[965]: ci-info: +-------+-------------+----------+---------------+-----------+-------+
[   24.205748] cloud-init[965]: ci-info: | Route | Destination | Gateway  |    Genmask    | Interface | Flags |
[   24.206377] cloud-init[965]: ci-info: +-------+-------------+----------+---------------+-----------+-------+
[   24.209334] cloud-init[965]: ci-info: |   0   |   0.0.0.0   | 10.0.2.2 |    0.0.0.0    |   enp0s3  |   UG  |
[   24.209959] cloud-init[965]: ci-info: |   1   |   10.0.2.0  | 0.0.0.0  | 255.255.255.0 |   enp0s3  |   U   |
[   24.210887] cloud-init[965]: ci-info: +-------+-------------+----------+---------------+-----------+-------+
[   24.211461] cloud-init[965]: ci-info: +++++++++++++++++++Route IPv6 info+++++++++++++++++++
[   24.213008] cloud-init[965]: ci-info: +-------+-------------+---------+-----------+-------+
[   24.213806] cloud-init[965]: ci-info: | Route | Destination | Gateway | Interface | Flags |
[   24.214472] cloud-init[965]: ci-info: +-------+-------------+---------+-----------+-------+
[   24.215292] cloud-init[965]: ci-info: |   0   |  fe80::/64  |    ::   |   enp0s3  |   U   |
[   24.215917] cloud-init[965]: ci-info: |   3   |   ff00::/8  |    ::   |   enp0s3  |   U   |
[   24.217447] cloud-init[965]: ci-info: +-------+-------------+---------+-----------+-------+
[   24.218651] cloud-init[965]: Generating public/private rsa key pair.
[   24.219436] cloud-init[965]: Your identification has been saved in /etc/ssh/ssh_host_rsa_key.
[   24.220022] cloud-init[965]: Your public key has been saved in /etc/ssh/ssh_host_rsa_key.pub.
[   24.221479] cloud-init[965]: The key fingerprint is:
[   24.222117] cloud-init[965]: SHA256:/ZuS/ZnrG4viEDDrytYdqMpsZofvdtE0rsqn71IxDAg root@ubuntu-xenial
[   24.222850] cloud-init[965]: The key's randomart image is:
[   24.223434] cloud-init[965]: +---[RSA 2048]----+
[   24.224091] cloud-init[965]: |E. .             |
[   24.225588] cloud-init[965]: |  . .            |
[   24.226175] cloud-init[965]: |     oo          |
[   24.226872] cloud-init[965]: |      ++o.       |
[   24.227461] cloud-init[965]: |      .BS..      |
[   24.229272] cloud-init[965]: |     .+ +. .     |
[   24.229824] cloud-init[965]: |   . +.+.. o. .  |
[   24.230550] cloud-init[965]: | o=o*.= ..+ .+ = |
[   24.231173] cloud-init[965]: | ++BOOo  ..o+oOo |
[   24.231917] cloud-init[965]: +----[SHA256]-----+
[   24.233284] cloud-init[965]: Generating public/private dsa key pair.
[   24.234064] cloud-init[965]: Your identification has been saved in /etc/ssh/ssh_host_dsa_key.
[   24.234684] cloud-init[965]: Your public key has been saved in /etc/ssh/ssh_host_dsa_key.pub.
[   24.235320] cloud-init[965]: The key fingerprint is:
[   24.236410] cloud-init[965]: SHA256:C2kg6Klp1nXmVQ2Shw+BffGt1zt+lXo5dMvX+uxx+Z8 root@ubuntu-xenial
[   24.236786] cloud-init[965]: The key's randomart image is:
[   24.237382] cloud-init[965]: +---[DSA 1024]----+
[   24.238243] cloud-init[965]: |        oo+o.    |
[   24.238733] cloud-init[965]: | .     . =.o+ .  |
[   24.239413] cloud-init[965]: |. . .     =. o . |
[   24.239968] cloud-init[965]: |. .. . .  ..  . .|
[   24.241302] cloud-init[965]: | o   .+oS.   . .o|
[   24.241985] cloud-init[965]: |... ..+...    .o=|
[   24.242542] cloud-init[965]: |oo .   ..     +=B|
[   24.243201] cloud-init[965]: |o            ..BX|
[   24.243789] cloud-init[965]: |              oE@|
[   24.245112] cloud-init[965]: +----[SHA256]-----+
[   24.245893] cloud-init[965]: Generating public/private ecdsa key pair.
[   24.246587] cloud-init[965]: Your identification has been saved in /etc/ssh/ssh_host_ecdsa_key.
[   24.247415] cloud-init[965]: Your public key has been saved in /etc/ssh/ssh_host_ecdsa_key.pub.
[   24.249697] cloud-init[965]: The key fingerprint is:
[   24.250346] cloud-init[965]: SHA256:oJdtgTqlhABMiybKKsUHpHTGgE4CZeUzSWmC1FtNWZU root@ubuntu-xenial
[   24.251224] cloud-init[965]: The key's randomart image is:
[   24.251872] cloud-init[965]: +---[ECDSA 256]---+
[   24.253505] cloud-init[965]: |@BB+o.o.o....    |
[   24.254117] cloud-init[965]: |*B=*oo +   E     |
[   24.254879] cloud-init[965]: |BoooO + .        |
[   24.255552] cloud-init[965]: |=o + B + .       |
[   24.257241] cloud-init[965]: |..o * o S        |
[   24.257845] cloud-init[965]: |.. . o .         |
[   24.258928] cloud-init[965]: |o                |
[   24.259316] cloud-init[965]: |.                |
[   24.259923] cloud-init[965]: |                 |
[   24.261318] cloud-init[965]: +----[SHA256]-----+
[   24.262090] cloud-init[965]: Generating public/private ed25519 key pair.
[   24.262860] cloud-init[965]: Your identification has been saved in /etc/ssh/ssh_host_ed25519_key.
[   24.263450] cloud-init[965]: Your public key has been saved in /etc/ssh/ssh_host_ed25519_key.pub.
[   24.264050] cloud-init[965]: The key fingerprint is:
[   24.265572] cloud-init[965]: SHA256:LZ8k7NSZxiWeo13hlA1ECE39OxCgFzJuZdlWpQgOZgY root@ubuntu-xenial
[   24.266183] cloud-init[965]: The key's randomart image is:
[   24.267644] cloud-init[965]: +--[ED25519 256]--+
[   24.268942] cloud-init[965]: |      E.O+BO+....|
[   24.270171] cloud-init[965]: |       = O+o== . |
[   24.271079] cloud-init[965]: |        + +.*oo  |
[   24.271600] cloud-init[965]: |       o * O...  |
[   24.272968] cloud-init[965]: |        S % o. . |
[   24.273791] cloud-init[965]: |       o O +  o  |
[   24.274644] cloud-init[965]: |        o +    . |
[   24.275579] cloud-init[965]: |                 |
[   24.277655] cloud-init[965]: |                 |
[   24.473888] cloud-init[965]: +----[SHA256]-----+
[[0;32m  OK  [0m] Listening on LXD - unix socket.
[[0;32m  OK  [0m] Reached target Sockets.
[[0;32m  OK  [0m] Reached target Basic System.
[[0;32m  OK  [0m] Started ACPI event daemon.
         Starting Accounts Service...
         Starting LSB: MD monitoring daemon...
         Starting LSB: Record successful boot for GRUB...
         Starting Pollinate to seed the pseudo random number generator...
         Starting Login Service...
[[0;32m  OK  [0m] Started Deferred execution scheduler.
[[0;32m  OK  [0m] Started FUSE filesystem for LXC.
         Starting System Logging Service...
[[0;32m  OK  [0m] Started D-Bus System Message Bus.
         Starting Virtualbox guest utils...
         Starting LXD - container startup/shutdown...
         Starting /etc/rc.local Compatibility...
[[0;32m  OK  [0m] Started Regular background program processing daemon.
         Starting Snap Daemon...
[[0;32m  OK  [0m] Started System Logging Service.
[[0;32m  OK  [0m] Started iSCSI initiator daemon (iscsid).
[[0;32m  OK  [0m] Started /etc/rc.local Compatibility.
[[0;32m  OK  [0m] Started Login Service.
[[0;32m  OK  [0m] Started Unattended Upgrades Shutdown.
         Starting Authenticate and Authorize Users to Run Privileged Tasks...
         Starting Login to default iSCSI targets...
[[0;32m  OK  [0m] Started LSB: MD monitoring daemon.
[[0;32m  OK  [0m] Started LSB: Record successful boot for GRUB.
[[0;32m  OK  [0m] Started LXD - container startup/shutdown.
[[0;32m  OK  [0m] Started Authenticate and Authorize Users to Run Privileged Tasks.
[[0;32m  OK  [0m] Started Pollinate to seed the pseudo random number generator.
[[0;32m  OK  [0m] Started Accounts Service.
[[0;32m  OK  [0m] Started Login to default iSCSI targets.
[[0;32m  OK  [0m] Reached target Remote File Systems (Pre).
[[0;32m  OK  [0m] Reached target Remote File Systems.
         Starting LSB: daemon to balance interrupts for SMP systems...
         Starting LSB: Set the CPU Frequency Scaling governor to "ondemand"...
         Starting LSB: automatic crash report generation...
         Starting Permit User Sessions...
         Starting OpenBSD Secure Shell server...
[[0;32m  OK  [0m] Started Virtualbox guest utils.
[[0;32m  OK  [0m] Started Permit User Sessions.
         Starting Terminate Plymouth Boot Screen...
         Starting Hold until boot process finishes up...
[[0;32m  OK  [0m] Started LSB: Set the CPU Frequency Scaling governor to "ondemand".
[[0;32m  OK  [0m] Started LSB: daemon to balance interrupts for SMP systems.
[[0;32m  OK  [0m] Started LSB: automatic crash report generation.
[[0;32m  OK  [0m] Started Terminate Plymouth Boot Screen.
[[0;32m  OK  [0m] Started Hold until boot process finishes up.
[[0;32m  OK  [0m] Started Serial Getty on ttyS0.
         Starting Set console scheme...
[[0;32m  OK  [0m] Started Getty on tty1.
[[0;32m  OK  [0m] Reached target Login Prompts.
[[0;32m  OK  [0m] Started OpenBSD Secure Shell server.
[[0;32m  OK  [0m] Started Set console scheme.
[[0;32m  OK  [0m] Started Snap Daemon.
         Starting Wait until snapd is fully seeded...
[[0;32m  OK  [0m] Created slice User Slice of vagrant.
         Starting User Manager for UID 1000...
[[0;32m  OK  [0m] Started Session 1 of user vagrant.
[[0;32m  OK  [0m] Started User Manager for UID 1000.
[[0;32m  OK  [0m] Started Wait until snapd is fully seeded.
[[0;32m  OK  [0m] Reached target Multi-User System.
[[0;32m  OK  [0m] Reached target Graphical Interface.
         Starting Update UTMP about System Runlevel Changes...
         Starting Apply the settings specified in cloud-config...
[[0;32m  OK  [0m] Started Update UTMP about System Runlevel Changes.
[   29.485686] cloud-init[1387]: Generating locales (this might take a while)...
[   31.447393] cloud-init[1387]:   en_US.UTF-8... done
[   31.633157] cloud-init[1387]: Generation complete.
[   32.440455] cloud-init[1387]: Cloud-init v. 21.1-19-gbad84ad4-0ubuntu1~16.04.2 running 'modules:config' at Mon, 06 Mar 2023 13:40:05 +0000. Up 29.16 seconds.

Ubuntu 16.04.7 LTS ubuntu-xenial ttyS0

ubuntu-xenial login: ci-info: no authorized SSH keys fingerprints found for user ubuntu.
<14>Mar  6 13:40:09 ec2: 
<14>Mar  6 13:40:09 ec2: #############################################################
<14>Mar  6 13:40:09 ec2: -----BEGIN SSH HOST KEY FINGERPRINTS-----
<14>Mar  6 13:40:09 ec2: 1024 SHA256:C2kg6Klp1nXmVQ2Shw+BffGt1zt+lXo5dMvX+uxx+Z8 root@ubuntu-xenial (DSA)
<14>Mar  6 13:40:09 ec2: 256 SHA256:oJdtgTqlhABMiybKKsUHpHTGgE4CZeUzSWmC1FtNWZU root@ubuntu-xenial (ECDSA)
<14>Mar  6 13:40:09 ec2: 256 SHA256:LZ8k7NSZxiWeo13hlA1ECE39OxCgFzJuZdlWpQgOZgY root@ubuntu-xenial (ED25519)
<14>Mar  6 13:40:09 ec2: 2048 SHA256:/ZuS/ZnrG4viEDDrytYdqMpsZofvdtE0rsqn71IxDAg root@ubuntu-xenial (RSA)
<14>Mar  6 13:40:09 ec2: -----END SSH HOST KEY FINGERPRINTS-----
<14>Mar  6 13:40:09 ec2: #############################################################
-----BEGIN SSH HOST KEY KEYS-----
ecdsa-sha2-nistp256 AAAAE2VjZHNhLXNoYTItbmlzdHAyNTYAAAAIbmlzdHAyNTYAAABBBIv0JJpQSMttBdUdfH/bzRA4jNetHS0LebitPKzLKoU/jtjPPK+F+l+WtjNxCidN4bTP5Z75UT74bVFxSO6VSVg= root@ubuntu-xenial
ssh-ed25519 AAAAC3NzaC1lZDI1NTE5AAAAIIAWIVfcPO0wQumJEyBilZ7+uB7rEtQpu9NvSZuiR2U8 root@ubuntu-xenial
ssh-rsa AAAAB3NzaC1yc2EAAAADAQABAAABAQDPPpilPmpXOJ19OSmQ+ta+SqkOTviC0nKMEyLaExWyBKA6fnSyPPJ2+jUSTQyGb0s0fcUgIUhWStIVTlbrOENvipI87+zCP7BO4sQeHx2dJuSXvDj5wREG21Bh8MWw+jTvQiDRAy6rUBo9OGLsydVlTjK6jQvSY05pwsgGmWFAmyn8NZ64oWhaMSa74JejCI26aKlL/z99obVL8QmcOoQbYQtRnDfAykVmh/nxDDRc6djz+41l6czLQm2lhWxMRyhKzaBOwC8PBBFZWy6awYv2dl/ysQxIsILwiz96tHOQ3szAktZN927C2uxGum9oojUZiqTP4lZwp/rH8DoVIlUt root@ubuntu-xenial
-----END SSH HOST KEY KEYS-----
[   33.499516] cloud-init[1589]: Cloud-init v. 21.1-19-gbad84ad4-0ubuntu1~16.04.2 running 'modules:final' at Mon, 06 Mar 2023 13:40:09 +0000. Up 33.07 seconds.
[   33.535283] cloud-init[1589]: ci-info: no authorized SSH keys fingerprints found for user ubuntu.
[   33.546696] cloud-init[1589]: Cloud-init v. 21.1-19-gbad84ad4-0ubuntu1~16.04.2 finished at Mon, 06 Mar 2023 13:40:10 +0000. Datasource DataSourceNoCloud [seed=/dev/sdb][dsmode=net].  Up 33.48 seconds
